---
source: crates/syntax/src/parser.rs
expression: parsed
---
Ok(Spanned(
  span: "",
  value: Bool,
))
