---
source: crates/syntax/src/parser.rs
expression: parsed
---
Err(Parse(UnrecognizedToken(
  found: Located(
    source: "",
    located: Spanned(
      span: "",
      value: "1",
    ),
  ),
  expected: "identifier",
)))
