---
source: crates/syntax/src/parser.rs
expression: parsed
---
{
  "Ok": [
    {
      "name": {
        "span": "",
        "value": {
          "name": "a"
        }
      },
      "ty": {
        "span": "",
        "value": {
          "Struct": "Alpha"
        }
      }
    }
  ]
}
