---
source: crates/syntax/src/parser.rs
expression: parsed
---
{
  "Ok": {
    "span": "",
    "source": "",
    "value": "Bool"
  }
}
